[INFO] Scanning for projects...
[INFO] 
[INFO] -----------------------< com.example:imageproc >------------------------
[INFO] Building imageproc 0.0.1-SNAPSHOT
[INFO]   from pom.xml
[INFO] --------------------------------[ jar ]---------------------------------
[WARNING] The POM for io.cucumber:cucumber-junit-platform:jar:7.20.0 is missing, no dependency information available
[INFO] ------------------------------------------------------------------------
[INFO] BUILD FAILURE
[INFO] ------------------------------------------------------------------------
[INFO] Total time:  0.879 s
[INFO] Finished at: 2026-02-19T12:34:19+01:00
[INFO] ------------------------------------------------------------------------
[ERROR] Failed to execute goal on project imageproc: Could not resolve dependencies for project com.example:imageproc:jar:0.0.1-SNAPSHOT
[ERROR] dependency: io.cucumber:cucumber-junit-platform:jar:7.20.0 (test)
[ERROR] 	io.cucumber:cucumber-junit-platform:jar:7.20.0 was not found in https://repo.maven.apache.org/maven2 during a previous attempt. This failure was cached in the local repository and resolution is not reattempted until the update interval of central has elapsed or updates are forced
[ERROR] 
[ERROR] -> [Help 1]
[ERROR] 
[ERROR] To see the full stack trace of the errors, re-run Maven with the -e switch.
[ERROR] Re-run Maven using the -X switch to enable full debug logging.
[ERROR] 
[ERROR] For more information about the errors and possible solutions, please read the following articles:
[ERROR] [Help 1] http://cwiki.apache.org/confluence/display/MAVEN/DependencyResolutionException
